// Jest Snapshot v1, https://goo.gl/fbAQLP

exports[`render should support render 1`] = `
initialize {
  "0": Object {
    "attribs": Object {},
    "children": Array [
      Object {
        "attribs": Object {
          "class": "rc",
          "id": "wrapperId",
          "style": "opacity: 0",
        },
        "children": Array [
          Object {
            "attribs": Object {},
            "children": Array [
              Object {
                "data": "hello world!",
                "next": null,
                "parent": [Circular],
                "prev": null,
                "type": "text",
              },
            ],
            "name": "div",
            "namespace": "http://www.w3.org/1999/xhtml",
            "next": Object {
              "attribs": Object {},
              "children": Array [],
              "name": "p",
              "namespace": "http://www.w3.org/1999/xhtml",
              "next": Object {
                "data": "
",
                "next": null,
                "parent": [Circular],
                "prev": [Circular],
                "type": "text",
              },
              "parent": [Circular],
              "prev": [Circular],
              "type": "tag",
              "x-attribsNamespace": Object {},
              "x-attribsPrefix": Object {},
            },
            "parent": [Circular],
            "prev": null,
            "type": "tag",
            "x-attribsNamespace": Object {},
            "x-attribsPrefix": Object {},
          },
          Object {
            "attribs": Object {},
            "children": Array [],
            "name": "p",
            "namespace": "http://www.w3.org/1999/xhtml",
            "next": Object {
              "data": "
",
              "next": null,
              "parent": [Circular],
              "prev": [Circular],
              "type": "text",
            },
            "parent": [Circular],
            "prev": Object {
              "attribs": Object {},
              "children": Array [
                Object {
                  "data": "hello world!",
                  "next": null,
                  "parent": [Circular],
                  "prev": null,
                  "type": "text",
                },
              ],
              "name": "div",
              "namespace": "http://www.w3.org/1999/xhtml",
              "next": [Circular],
              "parent": [Circular],
              "prev": null,
              "type": "tag",
              "x-attribsNamespace": Object {},
              "x-attribsPrefix": Object {},
            },
            "type": "tag",
            "x-attribsNamespace": Object {},
            "x-attribsPrefix": Object {},
          },
          Object {
            "data": "
",
            "next": null,
            "parent": [Circular],
            "prev": Object {
              "attribs": Object {},
              "children": Array [],
              "name": "p",
              "namespace": "http://www.w3.org/1999/xhtml",
              "next": [Circular],
              "parent": [Circular],
              "prev": Object {
                "attribs": Object {},
                "children": Array [
                  Object {
                    "data": "hello world!",
                    "next": null,
                    "parent": [Circular],
                    "prev": null,
                    "type": "text",
                  },
                ],
                "name": "div",
                "namespace": "http://www.w3.org/1999/xhtml",
                "next": [Circular],
                "parent": [Circular],
                "prev": null,
                "type": "tag",
                "x-attribsNamespace": Object {},
                "x-attribsPrefix": Object {},
              },
              "type": "tag",
              "x-attribsNamespace": Object {},
              "x-attribsPrefix": Object {},
            },
            "type": "text",
          },
        ],
        "name": "div",
        "namespace": "http://www.w3.org/1999/xhtml",
        "next": Object {
          "data": "
",
          "next": null,
          "parent": [Circular],
          "prev": [Circular],
          "type": "text",
        },
        "parent": [Circular],
        "prev": null,
        "type": "tag",
        "x-attribsNamespace": Object {
          "class": undefined,
          "id": undefined,
          "style": undefined,
        },
        "x-attribsPrefix": Object {
          "class": undefined,
          "id": undefined,
          "style": undefined,
        },
      },
      Object {
        "data": "
",
        "next": null,
        "parent": [Circular],
        "prev": Object {
          "attribs": Object {
            "class": "rc",
            "id": "wrapperId",
            "style": "opacity: 0",
          },
          "children": Array [
            Object {
              "attribs": Object {},
              "children": Array [
                Object {
                  "data": "hello world!",
                  "next": null,
                  "parent": [Circular],
                  "prev": null,
                  "type": "text",
                },
              ],
              "name": "div",
              "namespace": "http://www.w3.org/1999/xhtml",
              "next": Object {
                "attribs": Object {},
                "children": Array [],
                "name": "p",
                "namespace": "http://www.w3.org/1999/xhtml",
                "next": Object {
                  "data": "
",
                  "next": null,
                  "parent": [Circular],
                  "prev": [Circular],
                  "type": "text",
                },
                "parent": [Circular],
                "prev": [Circular],
                "type": "tag",
                "x-attribsNamespace": Object {},
                "x-attribsPrefix": Object {},
              },
              "parent": [Circular],
              "prev": null,
              "type": "tag",
              "x-attribsNamespace": Object {},
              "x-attribsPrefix": Object {},
            },
            Object {
              "attribs": Object {},
              "children": Array [],
              "name": "p",
              "namespace": "http://www.w3.org/1999/xhtml",
              "next": Object {
                "data": "
",
                "next": null,
                "parent": [Circular],
                "prev": [Circular],
                "type": "text",
              },
              "parent": [Circular],
              "prev": Object {
                "attribs": Object {},
                "children": Array [
                  Object {
                    "data": "hello world!",
                    "next": null,
                    "parent": [Circular],
                    "prev": null,
                    "type": "text",
                  },
                ],
                "name": "div",
                "namespace": "http://www.w3.org/1999/xhtml",
                "next": [Circular],
                "parent": [Circular],
                "prev": null,
                "type": "tag",
                "x-attribsNamespace": Object {},
                "x-attribsPrefix": Object {},
              },
              "type": "tag",
              "x-attribsNamespace": Object {},
              "x-attribsPrefix": Object {},
            },
            Object {
              "data": "
",
              "next": null,
              "parent": [Circular],
              "prev": Object {
                "attribs": Object {},
                "children": Array [],
                "name": "p",
                "namespace": "http://www.w3.org/1999/xhtml",
                "next": [Circular],
                "parent": [Circular],
                "prev": Object {
                  "attribs": Object {},
                  "children": Array [
                    Object {
                      "data": "hello world!",
                      "next": null,
                      "parent": [Circular],
                      "prev": null,
                      "type": "text",
                    },
                  ],
                  "name": "div",
                  "namespace": "http://www.w3.org/1999/xhtml",
                  "next": [Circular],
                  "parent": [Circular],
                  "prev": null,
                  "type": "tag",
                  "x-attribsNamespace": Object {},
                  "x-attribsPrefix": Object {},
                },
                "type": "tag",
                "x-attribsNamespace": Object {},
                "x-attribsPrefix": Object {},
              },
              "type": "text",
            },
          ],
          "name": "div",
          "namespace": "http://www.w3.org/1999/xhtml",
          "next": [Circular],
          "parent": [Circular],
          "prev": null,
          "type": "tag",
          "x-attribsNamespace": Object {
            "class": undefined,
            "id": undefined,
            "style": undefined,
          },
          "x-attribsPrefix": Object {
            "class": undefined,
            "id": undefined,
            "style": undefined,
          },
        },
        "type": "text",
      },
    ],
    "name": "div",
    "namespace": "http://www.w3.org/1999/xhtml",
    "next": null,
    "parent": null,
    "prev": null,
    "root": Object {
      "attribs": Object {},
      "children": Array [
        [Circular],
      ],
      "name": "root",
      "namespace": "http://www.w3.org/1999/xhtml",
      "next": null,
      "parent": null,
      "prev": null,
      "type": "root",
      "x-attribsNamespace": Object {},
      "x-attribsPrefix": Object {},
    },
    "type": "tag",
    "x-attribsNamespace": Object {},
    "x-attribsPrefix": Object {},
  },
  "_root": [Circular],
  "length": 1,
  "options": Object {
    "decodeEntities": true,
    "normalizeWhitespace": false,
    "withDomLvl1": true,
    "xml": false,
  },
}
`;
